// Jest Snapshot v1, https://goo.gl/fbAQLP

exports[`Issues #6 quoted properties should be supported 1`] = `"m.vnode(\\"div\\",undefined,{\\"fooga\\":0},[],undefined,undefined);"`;
